The field "cli.appVersionSource" is not set, but it will be required in the future. Learn more: https://docs.expo.dev/build-reference/app-versions/
Resolved "production" environment for the build. Learn more: https://docs.expo.dev/eas/environment-variables/#setting-the-environment-for-your-builds
No environment variables with visibility "Plain text" and "Sensitive" found for the "production" environment on EAS.
Environment variables loaded from the "preview" build profile "env" configuration: NPM_CONFIG_LEGACY_PEER_DEPS.



The field "cli.appVersionSource" is not set, but it will be required in the future. Learn more: https://docs.expo.dev/build-reference/app-versions/
✔ Using remote Android credentials (Expo server)
✔ Using Keystore from configuration: Build Credentials ow41u8KmK3 (default)

Compressing project files and uploading to EAS Build. Learn more: https://expo.fyi/eas-build-archive
⠋ Compressing project files⠙ Compressing project files⠹ Compressing project files⠸ Compressing project files⠼ Compressing project files⠴ Compressing project files⠦ Compressing project files⠧ Compressing project files⠇ Compressing project files⠏ Compressing project files⠋ Compressing project files⠙ Compressing project files⠹ Compressing project files⠸ Compressing project files⠼ Compressing project files⠴ Compressing project files⠦ Compressing project files⠧ Compressing project files⠇ Compressing project files⠏ Compressing project files⠋ Compressing project files⠙ Compressing project files⠹ Compressing project files⠸ Compressing project files⠼ Compressing project files⠴ Compressing project files⠦ Compressing project files⠧ Compressing project files✔ Compressed project files 3s (6.0 MB)
⠋ Uploading to EAS Build (0 / 6.0 MB)⠙ Uploading to EAS Build (6.0 MB / 6.0 MB)⠹ Uploading to EAS Build (6.0 MB / 6.0 MB)⠸ Uploading to EAS Build (6.0 MB / 6.0 MB)✔ Uploaded to EAS 

See logs: https://expo.dev/accounts/dantechwebdev/projects/tailorbook/builds/cf0e6c3f-d9e6-4971-9836-a6baa6d639d6

Waiting for build to complete. You can press Ctrl+C to exit.
⠋ Waiting for build to complete.⠙ Waiting for build to complete.⠹ Waiting for build to get enqueued…⠸ Waiting for build to get enqueued…⠼ Waiting for build to get enqueued…⠴ Waiting for build to get enqueued…⠦ Waiting for build to get enqueued…⠧ Waiting for build to get enqueued…⠇ Waiting for build to get enqueued…⠏ Waiting for build to get enqueued…⠋ Waiting for build to get enqueued…⠙ Waiting for build to get enqueued…⠹ Waiting for build to get enqueued…⠸ Waiting for build to get enqueued…⠼ Waiting for build to get enqueued…⠴ Waiting for build to get enqueued…⠦ Waiting for build to get enqueued…⠧ Waiting for build to get enqueued…⠇ Waiting for build to get enqueued…⠏ Waiting for build to get enqueued…⠋ Waiting for build to get enqueued…⠙ Waiting for build to get enqueued…⠹ Waiting for build to get enqueued…⠸ Waiting for build to get enqueued…⠼ Waiting for build to get enqueued…⠴ Waiting for build to get enqueued…⠦ Waiting for build to get enqueued…⠧ Waiting for build to get enqueued…⠇ Waiting for build to get enqueued…⠏ Waiting for build to get enqueued…⠋ Waiting for build to get enqueued…⠙ Waiting for build to get enqueued…⠹ Waiting for build to get enqueued…⠸ Waiting for build to get enqueued…⠼ Waiting for build to get enqueued…⠴ Waiting for build to get enqueued…⠦ Waiting for build to get enqueued…⠧ Waiting for build to get enqueued…⠇ Waiting for build to get enqueued…⠏ Waiting for build to get enqueued…⠋ Waiting for build to get enqueued…⠙ Waiting for build to get enqueued…⠹ Waiting for build to get enqueued…⠸ Waiting for build to get enqueued…⠼ Waiting for build to get enqueued…⠴ Waiting for build to get enqueued…⠦ Waiting for build to get enqueued…⠧ Waiting for build to get enqueued…⠇ Waiting for build to get enqueued…⠏ Waiting for build to get enqueued…⠋ Waiting for build to get enqueued…⠙ Waiting for build to get enqueued…⠹ Waiting for build to get enqueued…⠸ Waiting for build to get enqueued…⠼ Waiting for build to get enqueued…⠴ Waiting for build to get enqueued…⠦ Waiting for build to get enqueued…⠧ Waiting for build to get enqueued…⠇ Waiting for build to get enqueued…⠏ Waiting for build to get enqueued…⠋ Waiting for build to get enqueued…⠙ Waiting for build to get enqueued…⠹ Waiting for build to get enqueued…⠸ Waiting for build to get enqueued…⠼ Waiting for build to get enqueued…⠴ Waiting for build to get enqueued…⠦ Waiting for build to get enqueued…⠧ Waiting for build to get enqueued…⠇ Waiting for build to get enqueued…⠏ Waiting for build to get enqueued…⠋ Waiting for build to get enqueued…⠙ Waiting for build to get enqueued…⠹ Waiting for build to get enqueued…⠸ Waiting for build to get enqueued…⠼ Waiting for build to get enqueued…⠴ Waiting for build to get enqueued…⠦ Waiting for build to get enqueued…⠧ Waiting for build to get enqueued…⠇ Waiting for build to get enqueued…⠏ Waiting for build to get enqueued…⠋ Waiting for build to get enqueued…⠙ Waiting for build to get enqueued…⠹ Waiting for build to get enqueued…⠸ Waiting for build to get enqueued…⠼ Waiting for build to get enqueued…⠴ Waiting for build to get enqueued…⠦ Waiting for build to get enqueued…⠧ Waiting for build to get enqueued…⠇ Waiting for build to get enqueued…⠏ Waiting for build to get enqueued…⠋ Waiting for build to get enqueued…⠙ Waiting for build to get enqueued…⠹ Waiting for build to get enqueued…⠸ Waiting for build to get enqueued…⠼ Waiting for build to get enqueued…⠴ Waiting for build to get enqueued…⠦ Waiting for build to get enqueued…⠧ Waiting for build to get enqueued…⠇ Waiting for build to get enqueued…⠏ Waiting for build to get enqueued…⠋ Waiting for build to get enqueued…⠙ Waiting for build to get enqueued…⠹ Waiting for build to get enqueued…⠸ Waiting for build to get enqueued…⠼ Waiting for build to get enqueued…⠴ Waiting for build to get enqueued…⠦ Waiting for build to get enqueued…⠧ Waiting for build to get enqueued…⠇ Waiting for build to get enqueued…⠏ Waiting for build to get enqueued…⠋ Waiting for build to get enqueued…⠙ Waiting for build to get enqueued…⠹ Waiting for build to get enqueued…⠸ Waiting for build to get enqueued…⠼ Waiting for build to get enqueued…⠴ Waiting for build to get enqueued…⠦ Waiting for build to get enqueued…⠧ Waiting for build to get enqueued…⠇ Waiting for build to get enqueued…⠏ Waiting for build to get enqueued…⠋ Waiting for build to get enqueued…⠙ Waiting for build to get enqueued…⠹ Waiting for build to get enqueued…⠸ Waiting for build to get enqueued…⠼ Waiting for build to get enqueued…⠴ Waiting for build to get enqueued…⠦ Waiting for build to get enqueued…⠧ Waiting for build to get enqueued…⠇ Build queued...⠏ Build queued...⠋ Build queued...⠙ Build queued...⠹ Build queued...⠸ Build queued...⠼ Build queued...⠴ Build queued...⠦ Build queued...⠧ Build queued...⠇ Build queued...⠏ Build queued...⠋ Build queued...⠙ Build queued...⠹ Build queued...⠸ Build queued...⠼ Build queued...⠴ Build queued...⠦ Build queued...⠧ Build queued...⠇ Build queued...⠏ Build queued...⠋ Build queued...⠙ Build queued...⠹ Build queued...⠸ Build queued...⠼ Build queued...⠴ Build queued...⠦ Build queued...⠧ Build queued...⠇ Build queued...⠏ Build queued...⠋ Build queued...⠙ Build queued...⠹ Build queued...⠸ Build queued...⠼ Build queued...⠴ Build queued...⠦ Build queued...⠧ Build queued...⠇ Build queued...⠏ Build queued...⠋ Build queued...⠙ Build queued...⠹ Build queued...⠸ Build queued...⠼ Build queued...⠴ Build queued...⠦ Build queued...⠧ Build queued...⠇ Build queued...⠏ Build queued...⠋ Build queued...⠙ Build queued...⠹ Build queued...⠸ Build queued...⠼ Build queued...⠴ Build queued...⠦ Build queued...⠧ Build queued...⠇ Build queued...⠏ Build queued...⠋ Build queued...⠙ Build queued...⠹ Build queued...⠸ Build queued...⠼ Build queued...⠴ Build queued...⠦ Build queued...⠧ Build queued...⠇ Build queued...⠏ Build queued...⠋ Build queued...⠙ Build queued...⠹ Build queued...⠸ Build queued...⠼ Build queued...⠴ Build queued...⠦ Build queued...⠧ Build queued...⠇ Build queued...⠏ Build queued...⠋ Build queued...⠙ Build queued...⠹ Build queued...⠸ Build queued...⠼ Build queued...⠴ Build queued...⠦ Build queued...⠧ Build queued...⠇ Build queued...⠏ Build queued...⠋ Build queued...⠙ Build queued...⠹ Build queued...⠸ Build queued...⠼ Build queued...⠴ Build queued...⠦ Build queued...⠧ Build queued...⠇ Build queued...⠏ Build queued...⠋ Build queued...⠙ Build queued...⠹ Build queued...⠸ Build queued...⠼ Build queued...⠴ Build queued...⠦ Build queued...⠧ Build queued...⠇ Build queued...⠏ Build queued...⠋ Build queued...⠙ Build queued...⠹ Build queued...⠸ Build queued...⠼ Build queued...⠴ Build queued...⠦ Build queued...⠧ Build queued...⠇ Build queued...⠏ Build queued...⠋ Build queued...⠙ Build queued...⠹ Build queued...⠸ Build queued...⠼ Build queued...⠴ Build in progress...⠦ Build in progress...⠧ Build in progress...⠇ Build in progress...⠏ Build in progress...⠋ Build in progress...⠙ Build in progress...⠹ Build in progress...⠸ Build in progress...⠼ Build in progress...⠴ Build in progress...⠦ Build in progress...⠧ Build in progress...⠇ Build in progress...⠏ Build in progress...⠋ Build in progress...⠙ Build in progress...⠹ Build in progress...⠸ Build in progress...⠼ Build in progress...⠴ Build in progress...⠦ Build in progress...⠧ Build in progress...⠇ Build in progress...⠏ Build in progress...⠋ Build in progress...⠙ Build in progress...⠹ Build in progress...⠸ Build in progress...⠼ Build in progress...⠴ Build in progress...⠦ Build in progress...⠧ Build in progress...⠇ Build in progress...⠏ Build in progress...⠋ Build in progress...⠙ Build in progress...⠹ Build in progress...⠸ Build in progress...⠼ Build in progress...⠴ Build in progress...⠦ Build in progress...⠧ Build in progress...⠇ Build in progress...⠏ Build in progress...⠋ Build in progress...⠙ Build in progress...⠹ Build in progress...⠸ Build in progress...⠼ Build in progress...⠴ Build in progress...⠦ Build in progress...⠧ Build in progress...⠇ Build in progress...⠏ Build in progress...⠋ Build in progress...⠙ Build in progress...⠹ Build in progress...⠸ Build in progress...⠼ Build in progress...⠴ Build in progress...⠦ Build in progress...⠧ Build in progress...⠇ Build in progress...⠏ Build in progress...⠋ Build in progress...⠙ Build in progress...⠹ Build in progress...⠸ Build in progress...⠼ Build in progress...⠴ Build in progress...⠦ Build in progress...⠧ Build in progress...⠇ Build in progress...⠏ Build in progress...⠋ Build in progress...⠙ Build in progress...⠹ Build in progress...⠸ Build in progress...⠼ Build in progress...⠴ Build in progress...⠦ Build in progress...⠧ Build in progress...⠇ Build in progress...⠏ Build in progress...⠋ Build in progress...⠙ Build in progress...⠹ Build in progress...⠸ Build in progress...⠼ Build in progress...⠴ Build in progress...⠦ Build in progress...⠧ Build in progress...⠇ Build in progress...⠏ Build in progress...⠋ Build in progress...⠙ Build in progress...⠹ Build in progress...⠸ Build in progress...⠼ Build in progress...⠴ Build in progress...⠦ Build in progress...⠧ Build in progress...⠇ Build in progress...⠏ Build in progress...⠋ Build in progress...⠙ Build in progress...⠹ Build in progress...⠸ Build in progress...⠼ Build in progress...⠴ Build in progress...⠦ Build in progress...⠧ Build in progress...⠇ Build in progress...⠏ Build in progress...⠋ Build in progress...⠙ Build in progress...⠹ Build in progress...⠸ Build in progress...⠼ Build in progress...⠴ Build in progress...⠦ Build in progress...⠧ Build in progress...⠇ Build in progress...⠏ Build in progress...⠋ Build in progress...⠙ Build in progress...⠹ Build in progress...⠸ Build in progress...⠼ Build in progress...⠴ Build in progress...⠦ Build in progress...⠧ Build in progress...⠇ Build in progress...⠏ Build in progress...⠋ Build in progress...⠙ Build in progress...⠹ Build in progress...⠸ Build in progress...⠼ Build in progress...⠴ Build in progress...⠦ Build in progress...⠧ Build in progress...⠇ Build in progress...⠏ Build in progress...⠋ Build in progress...⠙ Build in progress...⠹ Build in progress...⠸ Build in progress...⠼ Build in progress...⠴ Build in progress...⠦ Build in progress...⠧ Build in progress...⠇ Build in progress...⠏ Build in progress...⠋ Build in progress...⠙ Build in progress...⠹ Build in progress...⠸ Build in progress...⠼ Build in progress...⠴ Build in progress...⠦ Build in progress...⠧ Build in progress...⠇ Build in progress...⠏ Build in progress...⠋ Build in progress...⠙ Build in progress...⠹ Build in progress...⠸ Build in progress...⠼ Build in progress...⠴ Build in progress...⠦ Build in progress...⠧ Build in progress...⠇ Build in progress...⠏ Build in progress...⠋ Build in progress...⠙ Build in progress...⠹ Build in progress...⠸ Build in progress...⠼ Build in progress...⠴ Build in progress...⠦ Build in progress...⠧ Build in progress...⠇ Build in progress...⠏ Build in progress...⠋ Build in progress...⠙ Build in progress...⠹ Build in progress...⠸ Build in progress...⠼ Build in progress...⠴ Build in progress...⠦ Build in progress...⠧ Build in progress...⠇ Build in progress...⠏ Build in progress...⠋ Build in progress...⠙ Build in progress...⠹ Build in progress...⠸ Build in progress...⠼ Build in progress...⠴ Build in progress...⠦ Build in progress...⠧ Build in progress...⠇ Build in progress...⠏ Build in progress...⠋ Build in progress...⠙ Build in progress...⠹ Build in progress...⠸ Build in progress...⠼ Build in progress...⠴ Build in progress...⠦ Build in progress...⠧ Build in progress...⠇ Build in progress...⠏ Build in progress...⠋ Build in progress...⠙ Build in progress...⠹ Build in progress...⠸ Build in progress...⠼ Build in progress...⠴ Build in progress...⠦ Build in progress...⠧ Build in progress...⠇ Build in progress...⠏ Build in progress...⠋ Build in progress...⠙ Build in progress...⠹ Build in progress...⠸ Build in progress...⠼ Build in progress...⠴ Build in progress...⠦ Build in progress...⠧ Build in progress...⠇ Build in progress...⠏ Build in progress...⠋ Build in progress...⠙ Build in progress...⠹ Build in progress...⠸ Build in progress...⠼ Build in progress...⠴ Build in progress...⠦ Build in progress...⠧ Build in progress...⠇ Build in progress...⠏ Build in progress...⠋ Build in progress...⠙ Build in progress...⠹ Build in progress...⠸ Build in progress...⠼ Build in progress...⠴ Build in progress...⠦ Build in progress...⠧ Build in progress...⠇ Build in progress...⠏ Build in progress...⠋ Build in progress...⠙ Build in progress...⠹ Build in progress...⠸ Build in progress...⠼ Build in progress...⠴ Build in progress...⠦ Build in progress...⠧ Build in progress...⠇ Build in progress...⠏ Build in progress...⠋ Build in progress...⠙ Build in progress...⠹ Build in progress...⠸ Build in progress...⠼ Build in progress...⠴ Build in progress...⠦ Build in progress...⠧ Build in progress...⠇ Build in progress...⠏ Build in progress...⠋ Build in progress...⠙ Build in progress...⠹ Build in progress...⠸ Build in progress...⠼ Build in progress...⠴ Build in progress...⠦ Build in progress...⠧ Build in progress...⠇ Build in progress...⠏ Build in progress...⠋ Build in progress...⠙ Build in progress...⠹ Build in progress...⠸ Build in progress...⠼ Build in progress...⠴ Build in progress...⠦ Build in progress...⠧ Build in progress...⠇ Build in progress...⠏ Build in progress...⠋ Build in progress...⠙ Build in progress...⠹ Build in progress...⠸ Build in progress...⠼ Build in progress...⠴ Build in progress...⠦ Build in progress...⠧ Build in progress...⠇ Build in progress...⠏ Build in progress...⠋ Build in progress...⠙ Build in progress...⠹ Build in progress...⠸ Build in progress...⠼ Build in progress...⠴ Build in progress...⠦ Build in progress...⠧ Build in progress...⠇ Build in progress...⠏ Build in progress...⠋ Build in progress...⠙ Build in progress...⠹ Build in progress...⠸ Build in progress...⠼ Build in progress...⠴ Build in progress...⠦ Build in progress...⠧ Build in progress...⠇ Build in progress...⠏ Build in progress...⠋ Build in progress...⠙ Build in progress...⠹ Build in progress...⠸ Build in progress...⠼ Build in progress...⠴ Build in progress...⠦ Build in progress...⠧ Build in progress...⠇ Build in progress...⠏ Build in progress...⠋ Build in progress...⠙ Build in progress...⠹ Build in progress...⠸ Build in progress...⠼ Build in progress...⠴ Build in progress...⠦ Build in progress...⠧ Build in progress...⠇ Build in progress...⠏ Build in progress...⠋ Build in progress...⠙ Build in progress...⠹ Build in progress...⠸ Build in progress...⠼ Build in progress...⠴ Build in progress...⠦ Build in progress...⠧ Build in progress...⠇ Build in progress...⠏ Build in progress...⠋ Build in progress...⠙ Build in progress...⠹ Build in progress...⠸ Build in progress...⠼ Build in progress...⠴ Build in progress...⠦ Build in progress...⠧ Build in progress...⠇ Build in progress...⠏ Build in progress...⠋ Build in progress...⠙ Build in progress...⠹ Build in progress...⠸ Build in progress...⠼ Build in progress...⠴ Build in progress...⠦ Build in progress...⠧ Build in progress...⠇ Build in progress...⠏ Build in progress...⠋ Build in progress...⠙ Build in progress...⠹ Build in progress...⠸ Build in progress...⠼ Build in progress...⠴ Build in progress...⠦ Build in progress...⠧ Build in progress...⠇ Build in progress...⠏ Build in progress...⠋ Build in progress...⠙ Build in progress...⠹ Build in progress...⠸ Build in progress...⠼ Build in progress...⠴ Build in progress...⠦ Build in progress...⠧ Build in progress...⠇ Build in progress...⠏ Build in progress...⠋ Build in progress...⠙ Build in progress...⠹ Build in progress...⠸ Build in progress...⠼ Build in progress...⠴ Build in progress...⠦ Build in progress...⠧ Build in progress...⠇ Build in progress...⠏ Build in progress...⠋ Build in progress...⠙ Build in progress...⠹ Build in progress...⠸ Build in progress...⠼ Build in progress...⠴ Build in progress...⠦ Build in progress...⠧ Build in progress...⠇ Build in progress...⠏ Build in progress...⠋ Build in progress...⠙ Build in progress...⠹ Build in progress...⠸ Build in progress...⠼ Build in progress...⠴ Build in progress...⠦ Build in progress...⠧ Build in progress...⠇ Build in progress...⠏ Build in progress...⠋ Build in progress...⠙ Build in progress...⠹ Build in progress...⠸ Build in progress...⠼ Build in progress...⠴ Build in progress...⠦ Build in progress...⠧ Build in progress...⠇ Build in progress...⠏ Build in progress...⠋ Build in progress...⠙ Build in progress...⠹ Build in progress...⠸ Build in progress...⠼ Build in progress...⠴ Build in progress...⠦ Build in progress...⠧ Build in progress...⠇ Build in progress...⠏ Build in progress...⠋ Build in progress...⠙ Build in progress...⠹ Build in progress...⠸ Build in progress...⠼ Build in progress...⠴ Build in progress...⠦ Build in progress...⠧ Build in progress...⠇ Build in progress...⠏ Build in progress...⠋ Build in progress...⠙ Build in progress...⠹ Build in progress...⠸ Build in progress...⠼ Build in progress...⠴ Build in progress...⠦ Build in progress...⠧ Build in progress...⠇ Build in progress...⠏ Build in progress...⠋ Build in progress...⠙ Build in progress...⠹ Build in progress...⠸ Build in progress...⠼ Build in progress...⠴ Build in progress...⠦ Build in progress...⠧ Build in progress...⠇ Build in progress...⠏ Build in progress...⠋ Build in progress...⠙ Build in progress...⠹ Build in progress...⠸ Build in progress...⠼ Build in progress...⠴ Build in progress...⠦ Build in progress...⠧ Build in progress...⠇ Build in progress...⠏ Build in progress...⠋ Build in progress...⠙ Build in progress...⠹ Build in progress...⠸ Build in progress...⠼ Build in progress...⠴ Build in progress...⠦ Build in progress...⠧ Build in progress...⠇ Build in progress...⠏ Build in progress...⠋ Build in progress...⠙ Build in progress...⠹ Build in progress...⠸ Build in progress...⠼ Build in progress...⠴ Build in progress...⠦ Build in progress...⠧ Build in progress...⠇ Build in progress...⠏ Build in progress...⠋ Build in progress...⠙ Build in progress...⠹ Build in progress...⠸ Build in progress...⠼ Build in progress...⠴ Build in progress...⠦ Build in progress...⠧ Build in progress...⠇ Build in progress...⠏ Build in progress...⠋ Build in progress...⠙ Build in progress...⠹ Build in progress...⠸ Build in progress...⠼ Build in progress...⠴ Build in progress...⠦ Build in progress...⠧ Build in progress...⠇ Build in progress...⠏ Build in progress...⠋ Build in progress...⠙ Build in progress...⠹ Build in progress...⠸ Build in progress...⠼ Build in progress...⠴ Build in progress...⠦ Build in progress...⠧ Build in progress...⠇ Build in progress...⠏ Build in progress...⠋ Build in progress...⠙ Build in progress...⠹ Build in progress...⠸ Build in progress...⠼ Build in progress...⠴ Build in progress...⠦ Build in progress...⠧ Build in progress...⠇ Build in progress...⠏ Build in progress...⠋ Build in progress...⠙ Build in progress...⠹ Build in progress...⠸ Build in progress...⠼ Build in progress...⠴ Build in progress...⠦ Build in progress...⠧ Build in progress...⠇ Build in progress...⠏ Build in progress...⠋ Build in progress...⠙ Build in progress...⠹ Build in progress...⠸ Build in progress...⠼ Build in progress...⠴ Build in progress...⠦ Build in progress...⠧ Build in progress...⠇ Build in progress...⠏ Build in progress...⠋ Build in progress...⠙ Build in progress...⠹ Build in progress...⠸ Build in progress...⠼ Build in progress...⠴ Build in progress...⠦ Build in progress...⠧ Build in progress...⠇ Build in progress...⠏ Build in progress...⠋ Build in progress...⠙ Build in progress...⠹ Build in progress...⠸ Build in progress...⠼ Build in progress...⠴ Build in progress...⠦ Build in progress...⠧ Build in progress...⠇ Build in progress...⠏ Build in progress...⠋ Build in progress...⠙ Build in progress...⠹ Build in progress...⠸ Build in progress...⠼ Build in progress...⠴ Build in progress...⠦ Build in progress...⠧ Build in progress...⠇ Build in progress...⠏ Build in progress...⠋ Build in progress...⠙ Build in progress...⠹ Build in progress...⠸ Build in progress...⠼ Build in progress...⠴ Build in progress...⠦ Build in progress...⠧ Build in progress...⠇ Build in progress...⠏ Build in progress...⠋ Build in progress...⠙ Build in progress...⠹ Build in progress...⠸ Build in progress...⠼ Build in progress...⠴ Build in progress...⠦ Build in progress...⠧ Build in progress...⠇ Build in progress...⠏ Build in progress...⠋ Build in progress...⠙ Build in progress...⠹ Build in progress...⠸ Build in progress...⠼ Build in progress...⠴ Build in progress...⠦ Build in progress...⠧ Build in progress...⠇ Build in progress...⠏ Build in progress...⠋ Build in progress...⠙ Build in progress...⠹ Build in progress...⠸ Build in progress...⠼ Build in progress...⠴ Build in progress...⠦ Build in progress...⠧ Build in progress...⠇ Build in progress...⠏ Build in progress...⠋ Build in progress...⠙ Build in progress...⠹ Build in progress...⠸ Build in progress...⠼ Build in progress...⠴ Build in progress...⠦ Build in progress...⠧ Build in progress...⠇ Build in progress...⠏ Build in progress...⠋ Build in progress...⠙ Build in progress...⠹ Build in progress...⠸ Build in progress...⠼ Build in progress...⠴ Build in progress...⠦ Build in progress...⠧ Build in progress...⠇ Build in progress...⠏ Build in progress...⠋ Build in progress...⠙ Build in progress...⠹ Build in progress...⠸ Build in progress...⠼ Build in progress...⠴ Build in progress...⠦ Build in progress...⠧ Build in progress...⠇ Build in progress...⠏ Build in progress...⠋ Build in progress...⠙ Build in progress...⠹ Build in progress...⠸ Build in progress...⠼ Build in progress...⠴ Build in progress...⠦ Build in progress...⠧ Build in progress...⠇ Build in progress...⠏ Build in progress...⠋ Build in progress...⠙ Build in progress...⠹ Build in progress...⠸ Build in progress...⠼ Build in progress...⠴ Build in progress...⠦ Build in progress...⠧ Build in progress...⠇ Build in progress...⠏ Build in progress...⠋ Build in progress...⠙ Build in progress...⠹ Build in progress...⠸ Build in progress...⠼ Build in progress...⠴ Build in progress...⠦ Build in progress...⠧ Build in progress...⠇ Build in progress...⠏ Build in progress...⠋ Build in progress...⠙ Build in progress...⠹ Build in progress...⠸ Build in progress...⠼ Build in progress...⠴ Build in progress...⠦ Build in progress...⠧ Build in progress...⠇ Build in progress...⠏ Build in progress...⠋ Build in progress...⠙ Build in progress...⠹ Build in progress...⠸ Build in progress...⠼ Build in progress...⠴ Build in progress...⠦ Build in progress...⠧ Build in progress...⠇ Build in progress...⠏ Build in progress...⠋ Build in progress...⠙ Build in progress...⠹ Build in progress...⠸ Build in progress...⠼ Build in progress...⠴ Build in progress...⠦ Build in progress...⠧ Build in progress...⠇ Build in progress...⠏ Build in progress...⠋ Build in progress...⠙ Build in progress...⠹ Build in progress...⠸ Build in progress...⠼ Build in progress...⠴ Build in progress...⠦ Build in progress...⠧ Build in progress...⠇ Build in progress...⠏ Build in progress...⠋ Build in progress...⠙ Build in progress...⠹ Build in progress...⠸ Build in progress...⠼ Build in progress...⠴ Build in progress...⠦ Build in progress...⠧ Build in progress...⠇ Build in progress...⠏ Build in progress...⠋ Build in progress...⠙ Build in progress...⠹ Build in progress...⠸ Build in progress...⠼ Build in progress...⠴ Build in progress...⠦ Build in progress...⠧ Build in progress...⠇ Build in progress...⠏ Build in progress...⠋ Build in progress...⠙ Build in progress...⠹ Build in progress...⠸ Build in progress...⠼ Build in progress...⠴ Build in progress...⠦ Build in progress...⠧ Build in progress...⠇ Build in progress...⠏ Build in progress...⠋ Build in progress...⠙ Build in progress...⠹ Build in progress...⠸ Build in progress...⠼ Build in progress...⠴ Build in progress...⠦ Build in progress...⠧ Build in progress...⠇ Build in progress...⠏ Build in progress...⠋ Build in progress...⠙ Build in progress...⠹ Build in progress...⠸ Build in progress...⠼ Build in progress...⠴ Build in progress...⠦ Build in progress...⠧ Build in progress...⠇ Build in progress...⠏ Build in progress...⠋ Build in progress...⠙ Build in progress...⠹ Build in progress...⠸ Build in progress...⠼ Build in progress...⠴ Build in progress...⠦ Build in progress...⠧ Build in progress...⠇ Build in progress...⠏ Build in progress...⠋ Build in progress...⠙ Build in progress...⠹ Build in progress...⠸ Build in progress...⠼ Build in progress...⠴ Build in progress...⠦ Build in progress...⠧ Build in progress...⠇ Build in progress...⠏ Build in progress...⠋ Build in progress...⠙ Build in progress...⠹ Build in progress...⠸ Build in progress...⠼ Build in progress...⠴ Build in progress...⠦ Build in progress...⠧ Build in progress...⠇ Build in progress...⠏ Build in progress...⠋ Build in progress...⠙ Build in progress...⠹ Build in progress...⠸ Build in progress...⠼ Build in progress...⠴ Build in progress...⠦ Build in progress...⠧ Build in progress...⠇ Build in progress...⠏ Build in progress...⠋ Build in progress...⠙ Build in progress...⠹ Build in progress...⠸ Build in progress...⠼ Build in progress...⠴ Build in progress...⠦ Build in progress...⠧ Build in progress...⠇ Build in progress...⠏ Build in progress...⠋ Build in progress...⠙ Build in progress...⠹ Build in progress...⠸ Build in progress...⠼ Build in progress...⠴ Build in progress...⠦ Build in progress...⠧ Build in progress...⠇ Build in progress...⠏ Build in progress...⠋ Build in progress...⠙ Build in progress...⠹ Build in progress...⠸ Build in progress...⠼ Build in progress...⠴ Build in progress...⠦ Build in progress...⠧ Build in progress...⠇ Build in progress...⠏ Build in progress...⠋ Build in progress...⠙ Build in progress...⠹ Build in progress...⠸ Build in progress...⠼ Build in progress...⠴ Build in progress...⠦ Build in progress...⠧ Build in progress...⠇ Build in progress...⠏ Build in progress...⠋ Build in progress...⠙ Build in progress...⠹ Build in progress...⠸ Build in progress...⠼ Build in progress...⠴ Build in progress...⠦ Build in progress...⠧ Build in progress...⠇ Build in progress...⠏ Build in progress...⠋ Build in progress...⠙ Build in progress...⠹ Build in progress...⠸ Build in progress...⠼ Build in progress...⠴ Build in progress...⠦ Build in progress...⠧ Build in progress...⠇ Build in progress...⠏ Build in progress...⠋ Build in progress...⠙ Build in progress...⠹ Build in progress...⠸ Build in progress...⠼ Build in progress...⠴ Build in progress...⠦ Build in progress...⠧ Build in progress...⠇ Build in progress...⠏ Build in progress...⠋ Build in progress...⠙ Build in progress...⠹ Build in progress...⠸ Build in progress...⠼ Build in progress...⠴ Build in progress...⠦ Build in progress...⠧ Build in progress...⠇ Build in progress...⠏ Build in progress...⠋ Build in progress...⠙ Build in progress...⠹ Build in progress...⠸ Build in progress...⠼ Build in progress...⠴ Build in progress...⠦ Build in progress...⠧ Build in progress...⠇ Build in progress...⠏ Build in progress...⠋ Build in progress...⠙ Build in progress...⠹ Build in progress...⠸ Build in progress...⠼ Build in progress...⠴ Build in progress...⠦ Build in progress...⠧ Build in progress...⠇ Build in progress...⠏ Build in progress...⠋ Build in progress...⠙ Build in progress...⠹ Build in progress...⠸ Build in progress...⠼ Build in progress...⠴ Build in progress...⠦ Build in progress...⠧ Build in progress...⠇ Build in progress...⠏ Build in progress...⠋ Build in progress...⠙ Build in progress...⠹ Build in progress...⠸ Build in progress...⠼ Build in progress...⠴ Build in progress...⠦ Build in progress...⠧ Build in progress...⠇ Build in progress...⠏ Build in progress...⠋ Build in progress...⠙ Build in progress...⠹ Build in progress...⠸ Build in progress...⠼ Build in progress...⠴ Build in progress...⠦ Build in progress...⠧ Build in progress...⠇ Build in progress...⠏ Build in progress...⠋ Build in progress...⠙ Build in progress...⠹ Build in progress...⠸ Build in progress...⠼ Build in progress...⠴ Build in progress...⠦ Build in progress...⠧ Build in progress...⠇ Build in progress...⠏ Build in progress...⠋ Build in progress...⠙ Build in progress...⠹ Build in progress...⠸ Build in progress...⠼ Build in progress...⠴ Build in progress...⠦ Build in progress...⠧ Build in progress...⠇ Build in progress...⠏ Build in progress...⠋ Build in progress...⠙ Build in progress...⠹ Build in progress...⠸ Build in progress...⠼ Build in progress...⠴ Build in progress...⠦ Build in progress...⠧ Build in progress...⠇ Build in progress...⠏ Build in progress...⠋ Build in progress...⠙ Build in progress...⠹ Build in progress...⠸ Build in progress...⠼ Build in progress...⠴ Build in progress...⠦ Build in progress...⠧ Build in progress...⠇ Build in progress...⠏ Build in progress...⠋ Build in progress...⠙ Build in progress...⠹ Build in progress...⠸ Build in progress...⠼ Build in progress...⠴ Build in progress...⠦ Build in progress...⠧ Build in progress...⠇ Build in progress...⠏ Build in progress...⠋ Build in progress...⠙ Build in progress...⠹ Build in progress...⠸ Build in progress...⠼ Build in progress...⠴ Build in progress...⠦ Build in progress...⠧ Build in progress...⠇ Build in progress...⠏ Build in progress...⠋ Build in progress...⠙ Build in progress...⠹ Build in progress...⠸ Build in progress...⠼ Build in progress...⠴ Build in progress...⠦ Build in progress...⠧ Build in progress...⠇ Build in progress...⠏ Build in progress...⠋ Build in progress...⠙ Build in progress...⠹ Build in progress...⠸ Build in progress...⠼ Build in progress...⠴ Build in progress...⠦ Build in progress...⠧ Build in progress...⠇ Build in progress...⠏ Build in progress...⠋ Build in progress...⠙ Build in progress...⠹ Build in progress...⠸ Build in progress...⠼ Build in progress...⠴ Build in progress...⠦ Build in progress...⠧ Build in progress...⠇ Build in progress...⠏ Build in progress...⠋ Build in progress...⠙ Build in progress...⠹ Build in progress...⠸ Build in progress...⠼ Build in progress...⠴ Build in progress...⠦ Build in progress...⠧ Build in progress...⠇ Build in progress...⠏ Build in progress...⠋ Build in progress...⠙ Build in progress...⠹ Build in progress...⠸ Build in progress...⠼ Build in progress...⠴ Build in progress...⠦ Build in progress...⠧ Build in progress...⠇ Build in progress...⠏ Build in progress...⠋ Build in progress...⠙ Build in progress...⠹ Build in progress...⠸ Build in progress...⠼ Build in progress...⠴ Build in progress...⠦ Build in progress...⠧ Build in progress...⠇ Build in progress...⠏ Build in progress...⠋ Build in progress...⠙ Build in progress...⠹ Build in progress...⠸ Build in progress...⠼ Build in progress...⠴ Build in progress...⠦ Build in progress...⠧ Build in progress...⠇ Build in progress...⠏ Build in progress...⠋ Build in progress...⠙ Build in progress...⠹ Build in progress...⠸ Build in progress...⠼ Build in progress...⠴ Build in progress...⠦ Build in progress...⠧ Build in progress...⠇ Build in progress...⠏ Build in progress...⠋ Build in progress...⠙ Build in progress...⠹ Build in progress...⠸ Build in progress...⠼ Build in progress...⠴ Build in progress...⠦ Build in progress...⠧ Build in progress...⠇ Build in progress...⠏ Build in progress...⠋ Build in progress...⠙ Build in progress...⠹ Build in progress...⠸ Build in progress...⠼ Build in progress...⠴ Build in progress...⠦ Build in progress...⠧ Build in progress...⠇ Build in progress...⠏ Build in progress...⠋ Build in progress...⠙ Build in progress...⠹ Build in progress...⠸ Build in progress...⠼ Build in progress...⠴ Build in progress...⠦ Build in progress...⠧ Build in progress...⠇ Build in progress...⠏ Build in progress...⠋ Build in progress...⠙ Build in progress...⠹ Build in progress...⠸ Build in progress...⠼ Build in progress...⠴ Build in progress...⠦ Build in progress...⠧ Build in progress...⠇ Build in progress...⠏ Build in progress...⠋ Build in progress...⠙ Build in progress...⠹ Build in progress...⠸ Build in progress...⠼ Build in progress...⠴ Build in progress...⠦ Build in progress...⠧ Build in progress...⠇ Build in progress...⠏ Build in progress...⠋ Build in progress...⠙ Build in progress...⠹ Build in progress...⠸ Build in progress...⠼ Build in progress...⠴ Build in progress...⠦ Build in progress...⠧ Build in progress...⠇ Build in progress...⠏ Build in progress...⠋ Build in progress...⠙ Build in progress...⠹ Build in progress...⠸ Build in progress...⠼ Build in progress...⠴ Build in progress...⠦ Build in progress...⠧ Build in progress...⠇ Build in progress...⠏ Build in progress...⠋ Build in progress...⠙ Build in progress...⠹ Build in progress...⠸ Build in progress...⠼ Build in progress...⠴ Build in progress...⠦ Build in progress...⠧ Build in progress...⠇ Build in progress...⠏ Build in progress...⠋ Build in progress...⠙ Build in progress...⠹ Build in progress...⠸ Build in progress...⠼ Build in progress...⠴ Build in progress...⠦ Build in progress...⠧ Build in progress...⠇ Build in progress...⠏ Build in progress...⠋ Build in progress...⠙ Build in progress...⠹ Build in progress...⠸ Build in progress...⠼ Build in progress...⠴ Build in progress...⠦ Build in progress...⠧ Build in progress...⠇ Build in progress...⠏ Build in progress...⠋ Build in progress...⠙ Build in progress...⠹ Build in progress...⠸ Build in progress...⠼ Build in progress...⠴ Build in progress...⠦ Build in progress...⠧ Build in progress...⠇ Build in progress...⠏ Build in progress...⠋ Build in progress...⠙ Build in progress...⠹ Build in progress...⠸ Build in progress...⠼ Build in progress...⠴ Build in progress...⠦ Build in progress...⠧ Build in progress...⠇ Build in progress...⠏ Build in progress...⠋ Build in progress...⠙ Build in progress...⠹ Build in progress...⠸ Build in progress...⠼ Build in progress...⠴ Build in progress...⠦ Build in progress...⠧ Build in progress...⠇ Build in progress...⠏ Build in progress...⠋ Build in progress...⠙ Build in progress...⠹ Build in progress...⠸ Build in progress...⠼ Build in progress...⠴ Build in progress...⠦ Build in progress...⠧ Build in progress...⠇ Build in progress...⠏ Build in progress...⠋ Build in progress...⠙ Build in progress...⠹ Build in progress...⠸ Build in progress...⠼ Build in progress...⠴ Build in progress...⠦ Build in progress...⠧ Build in progress...⠇ Build in progress...⠏ Build in progress...⠋ Build in progress...⠙ Build in progress...⠹ Build in progress...⠸ Build in progress...⠼ Build in progress...⠴ Build in progress...⠦ Build in progress...⠧ Build in progress...⠇ Build in progress...⠏ Build in progress...⠋ Build in progress...⠙ Build in progress...⠹ Build in progress...⠸ Build in progress...⠼ Build in progress...⠴ Build in progress...⠦ Build in progress...⠧ Build in progress...⠇ Build in progress...⠏ Build in progress...⠋ Build in progress...⠙ Build in progress...⠹ Build in progress...⠸ Build in progress...⠼ Build in progress...⠴ Build in progress...⠦ Build in progress...⠧ Build in progress...⠇ Build in progress...⠏ Build in progress...⠋ Build in progress...⠙ Build in progress...⠹ Build in progress...⠸ Build in progress...⠼ Build in progress...⠴ Build in progress...⠦ Build in progress...⠧ Build in progress...⠇ Build in progress...⠏ Build in progress...⠋ Build in progress...⠙ Build in progress...⠹ Build in progress...⠸ Build in progress...⠼ Build in progress...⠴ Build in progress...⠦ Build in progress...⠧ Build in progress...⠇ Build in progress...⠏ Build in progress...⠋ Build in progress...⠙ Build in progress...⠹ Build in progress...⠸ Build in progress...⠼ Build in progress...⠴ Build in progress...⠦ Build in progress...⠧ Build in progress...⠇ Build in progress...⠏ Build in progress...⠋ Build in progress...⠙ Build in progress...⠹ Build in progress...⠸ Build in progress...⠼ Build in progress...⠴ Build in progress...⠦ Build in progress...⠧ Build in progress...⠇ Build in progress...⠏ Build in progress...⠋ Build in progress...⠙ Build in progress...⠹ Build in progress...⠸ Build in progress...⠼ Build in progress...⠴ Build in progress...⠦ Build in progress...⠧ Build in progress...⠇ Build in progress...⠏ Build in progress...⠋ Build in progress...⠙ Build in progress...⠹ Build in progress...⠸ Build in progress...⠼ Build in progress...⠴ Build in progress...⠦ Build in progress...⠧ Build in progress...⠇ Build in progress...⠏ Build in progress...⠋ Build in progress...⠙ Build in progress...⠹ Build in progress...⠸ Build in progress...⠼ Build in progress...⠴ Build in progress...⠦ Build in progress...⠧ Build in progress...⠇ Build in progress...⠏ Build in progress...⠋ Build in progress...⠙ Build in progress...⠹ Build in progress...⠸ Build in progress...⠼ Build in progress...⠴ Build in progress...⠦ Build in progress...⠧ Build in progress...⠇ Build in progress...⠏ Build in progress...⠋ Build in progress...⠙ Build in progress...⠹ Build in progress...⠸ Build in progress...⠼ Build in progress...⠴ Build in progress...⠦ Build in progress...⠧ Build in progress...⠇ Build in progress...⠏ Build in progress...⠋ Build in progress...⠙ Build in progress...⠹ Build in progress...⠸ Build in progress...⠼ Build in progress...⠴ Build in progress...⠦ Build in progress...⠧ Build in progress...⠇ Build in progress...⠏ Build in progress...⠋ Build in progress...⠙ Build in progress...⠹ Build in progress...⠸ Build in progress...⠼ Build in progress...⠴ Build in progress...⠦ Build in progress...⠧ Build in progress...⠇ Build in progress...⠏ Build in progress...⠋ Build in progress...⠙ Build in progress...⠹ Build in progress...⠸ Build in progress...⠼ Build in progress...⠴ Build in progress...⠦ Build in progress...⠧ Build in progress...⠇ Build in progress...⠏ Build in progress...⠋ Build in progress...⠙ Build in progress...⠹ Build in progress...⠸ Build in progress...⠼ Build in progress...⠴ Build in progress...⠦ Build in progress...⠧ Build in progress...⠇ Build in progress...⠏ Build in progress...⠋ Build in progress...⠙ Build in progress...⠹ Build in progress...⠸ Build in progress...⠼ Build in progress...⠴ Build in progress...⠦ Build in progress...⠧ Build in progress...⠇ Build in progress...⠏ Build in progress...⠋ Build in progress...⠙ Build in progress...⠹ Build in progress...⠸ Build in progress...⠼ Build in progress...⠴ Build in progress...⠦ Build in progress...⠧ Build in progress...⠇ Build in progress...⠏ Build in progress...⠋ Build in progress...⠙ Build in progress...⠹ Build in progress...⠸ Build in progress...⠼ Build in progress...⠴ Build in progress...⠦ Build in progress...⠧ Build in progress...⠇ Build in progress...⠏ Build in progress...⠋ Build in progress...⠙ Build in progress...⠹ Build in progress...⠸ Build in progress...⠼ Build in progress...⠴ Build in progress...⠦ Build in progress...⠧ Build in progress...⠇ Build in progress...⠏ Build in progress...⠋ Build in progress...⠙ Build in progress...⠹ Build in progress...⠸ Build in progress...⠼ Build in progress...⠴ Build in progress...⠦ Build in progress...⠧ Build in progress...⠇ Build in progress...⠏ Build in progress...⠋ Build in progress...⠙ Build in progress...⠹ Build in progress...⠸ Build in progress...⠼ Build in progress...⠴ Build in progress...⠦ Build in progress...⠧ Build in progress...⠇ Build in progress...⠏ Build in progress...⠋ Build in progress...⠙ Build in progress...⠹ Build in progress...⠸ Build in progress...⠼ Build in progress...⠴ Build in progress...⠦ Build in progress...⠧ Build in progress...⠇ Build in progress...⠏ Build in progress...⠋ Build in progress...⠙ Build in progress...⠹ Build in progress...⠸ Build in progress...⠼ Build in progress...⠴ Build in progress...⠦ Build in progress...⠧ Build in progress...⠇ Build in progress...⠏ Build in progress...⠋ Build in progress...⠙ Build in progress...⠹ Build in progress...⠸ Build in progress...⠼ Build in progress...⠴ Build in progress...⠦ Build in progress...⠧ Build in progress...⠇ Build in progress...⠏ Build in progress...⠋ Build in progress...⠙ Build in progress...⠹ Build in progress...⠸ Build in progress...⠼ Build in progress...⠴ Build in progress...⠦ Build in progress...⠧ Build in progress...⠇ Build in progress...⠏ Build in progress...⠋ Build in progress...⠙ Build in progress...⠹ Build in progress...⠸ Build in progress...⠼ Build in progress...⠴ Build in progress...⠦ Build in progress...⠧ Build in progress...⠇ Build in progress...⠏ Build in progress...⠋ Build in progress...⠙ Build in progress...⠹ Build in progress...⠸ Build in progress...⠼ Build in progress...⠴ Build in progress...⠦ Build in progress...⠧ Build in progress...⠇ Build in progress...⠏ Build in progress...⠋ Build in progress...⠙ Build in progress...⠹ Build in progress...⠸ Build in progress...⠼ Build in progress...⠴ Build in progress...⠦ Build in progress...⠧ Build in progress...⠇ Build in progress...⠏ Build in progress...⠋ Build in progress...⠙ Build in progress...⠹ Build in progress...⠸ Build in progress...⠼ Build in progress...⠴ Build in progress...⠦ Build in progress...⠧ Build in progress...⠇ Build in progress...⠏ Build in progress...⠋ Build in progress...⠙ Build in progress...⠹ Build in progress...⠸ Build in progress...⠼ Build in progress...⠴ Build in progress...⠦ Build in progress...⠧ Build in progress...⠇ Build in progress...⠏ Build in progress...⠋ Build in progress...⠙ Build in progress...⠹ Build in progress...⠸ Build in progress...⠼ Build in progress...⠴ Build in progress...⠦ Build in progress...⠧ Build in progress...⠇ Build in progress...⠏ Build in progress...